[1/1] Linking CXX executable AIHollowShell.exe
FAILED: AIHollowShell.exe 
C:\WINDOWS\system32\cmd.exe /C "cd . && "C:\Program Files\Microsoft Visual Studio\18\Community\Common7\IDE\CommonExtensions\Microsoft\CMake\CMake\bin\cmake.exe" -E vs_link_exe --msvc-ver=1950 --intdir=CMakeFiles\AIHollowShell.dir --rc=C:\PROGRA~2\WI3CF2~1\10\bin\100261~1.0\x86\rc.exe --mt=C:\PROGRA~2\WI3CF2~1\10\bin\100261~1.0\x86\mt.exe --manifests  -- C:\PROGRA~1\MICROS~1\18\COMMUN~1\VC\Tools\MSVC\1450~1.357\bin\Hostx86\x86\link.exe /nologo CMakeFiles\AIHollowShell.dir\main.cpp.obj CMakeFiles\AIHollowShell.dir\src\Application.cpp.obj CMakeFiles\AIHollowShell.dir\src\Application_old.cpp.obj CMakeFiles\AIHollowShell.dir\src\CommandParser.cpp.obj CMakeFiles\AIHollowShell.dir\src\GuiRenderer.cpp.obj CMakeFiles\AIHollowShell.dir\src\InputManager.cpp.obj CMakeFiles\AIHollowShell.dir\src\LlamaManager.cpp.obj CMakeFiles\AIHollowShell.dir\src\LlamaManager_old.cpp.obj CMakeFiles\AIHollowShell.dir\src\Window.cpp.obj CMakeFiles\AIHollowShell.dir\imgui\backends\imgui_impl_glfw.cpp.obj CMakeFiles\AIHollowShell.dir\imgui\backends\imgui_impl_opengl3.cpp.obj CMakeFiles\AIHollowShell.dir\imgui\imgui.cpp.obj CMakeFiles\AIHollowShell.dir\imgui\imgui_demo.cpp.obj CMakeFiles\AIHollowShell.dir\imgui\imgui_draw.cpp.obj CMakeFiles\AIHollowShell.dir\imgui\imgui_tables.cpp.obj CMakeFiles\AIHollowShell.dir\imgui\imgui_widgets.cpp.obj CMakeFiles\AIHollowShell.dir\llama.cpp\common\common.cpp.obj CMakeFiles\AIHollowShell.dir\llama.cpp\common\sampling.cpp.obj CMakeFiles\AIHollowShell.dir\llama.cpp\common\log.cpp.obj CMakeFiles\AIHollowShell.dir\build_info_stub.cpp.obj  /out:AIHollowShell.exe /implib:AIHollowShell.lib /pdb:AIHollowShell.pdb /version:0.0 /machine:X86 /debug /INCREMENTAL /subsystem:console  llama.cpp\src\llama.lib  llama.cpp\ggml\src\ggml.lib  opengl32.lib  D:\Projects\AIHollowShell\glfw\lib-vc2022\glfw3.lib  llama.cpp\ggml\src\ggml-cpu.lib  llama.cpp\ggml\src\ggml-base.lib  kernel32.lib user32.lib gdi32.lib winspool.lib shell32.lib ole32.lib oleaut32.lib uuid.lib comdlg32.lib advapi32.lib && C:\WINDOWS\system32\cmd.exe /C "cd /D D:\Projects\AIHollowShell\build && "C:\Program Files\Microsoft Visual Studio\18\Community\Common7\IDE\CommonExtensions\Microsoft\CMake\CMake\bin\cmake.exe" -E copy_if_different D:/Projects/AIHollowShell/build/bin/llama.dll D:/Projects/AIHollowShell/build/bin/ggml.dll D:/Projects/AIHollowShell/build/bin/ggml-cpu.dll D:/Projects/AIHollowShell/build/bin/ggml-base.dll D:/Projects/AIHollowShell/build && "C:\Program Files\Microsoft Visual Studio\18\Community\Common7\IDE\CommonExtensions\Microsoft\CMake\CMake\bin\cmake.exe" -E copy_if_different D:/Projects/AIHollowShell/models/qwen2.5-coder-1.5b-instruct-q4_k_m.gguf D:/Projects/AIHollowShell/build && "C:\Program Files\Microsoft Visual Studio\18\Community\Common7\IDE\CommonExtensions\Microsoft\CMake\CMake\bin\cmake.exe" -E copy_if_different D:/Projects/AIHollowShell/models/phi-3.5-mini-instruct-q4_k_m.gguf D:/Projects/AIHollowShell/build""
LINK Pass 1: command "C:\PROGRA~1\MICROS~1\18\COMMUN~1\VC\Tools\MSVC\1450~1.357\bin\Hostx86\x86\link.exe /nologo CMakeFiles\AIHollowShell.dir\main.cpp.obj CMakeFiles\AIHollowShell.dir\src\Application.cpp.obj CMakeFiles\AIHollowShell.dir\src\Application_old.cpp.obj CMakeFiles\AIHollowShell.dir\src\CommandParser.cpp.obj CMakeFiles\AIHollowShell.dir\src\GuiRenderer.cpp.obj CMakeFiles\AIHollowShell.dir\src\InputManager.cpp.obj CMakeFiles\AIHollowShell.dir\src\LlamaManager.cpp.obj CMakeFiles\AIHollowShell.dir\src\LlamaManager_old.cpp.obj CMakeFiles\AIHollowShell.dir\src\Window.cpp.obj CMakeFiles\AIHollowShell.dir\imgui\backends\imgui_impl_glfw.cpp.obj CMakeFiles\AIHollowShell.dir\imgui\backends\imgui_impl_opengl3.cpp.obj CMakeFiles\AIHollowShell.dir\imgui\imgui.cpp.obj CMakeFiles\AIHollowShell.dir\imgui\imgui_demo.cpp.obj CMakeFiles\AIHollowShell.dir\imgui\imgui_draw.cpp.obj CMakeFiles\AIHollowShell.dir\imgui\imgui_tables.cpp.obj CMakeFiles\AIHollowShell.dir\imgui\imgui_widgets.cpp.obj CMakeFiles\AIHollowShell.dir\llama.cpp\common\common.cpp.obj CMakeFiles\AIHollowShell.dir\llama.cpp\common\sampling.cpp.obj CMakeFiles\AIHollowShell.dir\llama.cpp\common\log.cpp.obj CMakeFiles\AIHollowShell.dir\build_info_stub.cpp.obj /out:AIHollowShell.exe /implib:AIHollowShell.lib /pdb:AIHollowShell.pdb /version:0.0 /machine:X86 /debug /INCREMENTAL /subsystem:console llama.cpp\src\llama.lib llama.cpp\ggml\src\ggml.lib opengl32.lib D:\Projects\AIHollowShell\glfw\lib-vc2022\glfw3.lib llama.cpp\ggml\src\ggml-cpu.lib llama.cpp\ggml\src\ggml-base.lib kernel32.lib user32.lib gdi32.lib winspool.lib shell32.lib ole32.lib oleaut32.lib uuid.lib comdlg32.lib advapi32.lib /MANIFEST /MANIFESTFILE:CMakeFiles\AIHollowShell.dir/intermediate.manifest CMakeFiles\AIHollowShell.dir/manifest.res" failed (exit code 1104) with the following output:

LINK : fatal error LNK1104: cannot open file 'opengl32.lib'


ninja: build stopped: subcommand failed.
